ideal_seq_1	1
VL00749_5_AACLNHTM5_1_1104_33569_9406	1	0	AGGGAAACGATTGAAGCCAGTCGTACTGACGGAAAATCAACTTTTCGGGTGCCTATCGTGGGTGACGTTGAGCCTCGCGGTCTTCGTTGCTTATGTTGTTGGTACCTTTGGAGTGCACTTTTTCGTATGGTAGGTCAACATCGATTTCGATCGTCATAAAATGATCGGAGGAATGTGGCTTCGATTTCGGTCGGAGTGTTATAGCCTTTGGTAGATGTGACGATTGGGATCGAGGATTGCAACGAATACCCTTCGGGCTATCCGTCTGACCTCTGATGGTCGCTTGGGTGCTGAAAGCTTGTTGTATTTTTGTTTTTTTTTTTTCTTTTTATATATTTGGACTTGGTATGTGTGAGAGGTTGTGTTGGTGGAGTGTTTGTTACTTTTAGGCGAGTGCGCGGCCCACACCGACAACGCACCACCACCCCCCGCCGGGGCACGCGGTGCCGGTTGGAGGCGGGGGGGGGAGTGAGTGGGGGTGTCTTGGGGGGGGGGGTGCGTCGGTCCGTGCAAGTTTTGATTAGGGTTGTGTGTGCGGGGCGCGCCCCCCCCCCCCCGCCCCCCCCCCCCCCCCCC

ideal_seq_2	1
VL00749_5_AACLNHTM5_1_1104_14842_32484	1	0	AGGGAAACGATTGAAGCCAGTCGTGTGAATGGTATTCAGCCGTCTATGGCGGTGTATTTGCCTTTCACGGGTCAACATCAGTTTGAACCGACAGAAAAAGGTAGGAGGAAGGTGGCATGCTTGCATGTGTTATAGCCTCTTATTGCATATGTTGGTCCAGACTGAGGAACGCAGCTCGCGAGTAATCGCCGGGGTTCGCCCACGTTCGAGCTCAGGATGTTGACATAATGGCTTTAAACGACCCGTCTTGAAACACGTGTCTCTTAACACATCTCCGAGCCCACAGANATTGTTCGTAATTTTGAAATCTTTTTTTTATTGTTTTTTGTGTTTTTTTTTTTTTTTTTGTTTTTTTGTGTTTTCTTTGGTTTATACGTATCGAAGTTTGTTCTAATCTTAACTTGTTGTGGTGGGTGTGGTTTTGTTGTTTGTTTTGTTGAATTTATTTTTCATGAGGCGTGGACGGGCGGTCGGGCGGCGGGGCGGGGGGCGGGGGCGGGCCGCCCCCGCGGGGCCGGGGCCGGCCCGGCCCGGCCCCCCCCCCCCGCCCCCCCCCCCCCCCCC

ideal_seq_3	1
VL00749_5_AACLNHTM5_1_1103_8158_31670	1	0	GAAAGGGAAACGATTGAAGTCAGTCTATCGAAGTGGGGAGTTGCAGGAGTTTGGACCGCAAGGCCAGCTTTTGCTGCATTCTTGTTTGGATGGATGCACTTTTCTGTATGCAGGTCAACATCAGTTTTGTTCGCCGGACAAAACCCTAAGGGAATGTGACAGCTTTGGCTGTGTTATAGCCCTGGGGCGATACGGTGGATGGGACTGAGGCTTTCAGTGTGTGCTTTCGGGCAAGGCTGACCGGGTGCTATGAGGCAGTACGAGGTACAATACAAGTATTTTGCTTCGTATCTGACTTGTATTTTATGTTGGTGAATTTTTTTGTGTGTTATAAAGAAAAACTAAAGAAAGTTATGTTATTGTTGTGGTTATGTGGAAGTTCGATTTGGTTTTTGTTTTTGGTGATTGGTTGTTTGGTTTGTGTATTGTCGTGAGTAGATGGGTTTTTGTTTTTTTTTAATTTATTTTTATTATATTTTATTTTTTTTTTGTTATTTTTTGGTTGGTTTTTGTAAATGTGGTTTTGTTTTTTTTTTTTTATATTTGAAACGCCACCCGCGCCCCCCCCCCCCCCCCCC

ideal_seq_4	1
VL00749_5_AACLNHTM5_1_1103_7949_32597	1	0	GAAAGGGAAACGATTGAAGTCAGTCTATCGAAGTGGGGAGTTGCAGGAGTTTGGACCGCAAGGCCAGCTTTTGCTGCATTCCTGTTTGGATGGATGCACTTTTCTGTATGCAGGTCAACATCAGTTTTGTTCGCCGGACAAAACCCTAAGGGAATGTGACAGCTTTGGCTGTGTTATAGCCCTGGGGCGATACGGTGGATGGGACTGAGGCTTTCAGTGTGTGCTTTCGGGCAAGGCTGACCGGGTGCTATGAGGCAGTACGAGGTACAATACAAGTATTTTGCTTCGTATCTGACTTGTAAGGAGTTTCAGTAGTTTTTTAGTATTTCTGCGGGTAAAAGAGGCGTTTGTCTGTGTGTTTGGTGGGTTGTTGCGGTGCGGGGTTGGGCGTTTTTGTTGGCGTGGTGTGGTGGGTTTGTGTGTGGTGGTGTGGTTGGCGGATTGAGTTTTGTATGATTGAAATTTTAATATTTTTTGTTTTTTGGGGATTTTGATGTCAGAGGGCGTTTTTGGAAGTGGGGGTGTTTTTGGTTAGTGAGGGGGGCCCCCCCCCCCCCCCACCCCCCCCCCC

ideal_seq_5	1
VL00749_5_AACLNHTM5_1_1102_60344_19212	1	0	AGGGAAACGATTGAAGCCAGTCGTACCAACGGGAAATCAGCCTTTTGAAGCGGGATTTTGGTGTTTCAAAGAGTGTCAAAACCTTTGGGGTGTCAAAACTCTTCTTTTCTGGGTGTACTTTCTCGTAGGTAGGTCAACATCGATTTTGAACATCATAAAAAGACTGGAGGAATGTAGCTTCGATCTCGTATTGAAGTGTTATAGCCTTTGGTAAATGTGATGATCAAGATCGAGGATTGCAACGAATATCCTTTTGGGCTATCCGCCTGATCTCTGATACGTTGCCTTGGTATTGAAAGCTTTTTTTGTGAAGAAATATAGATAAACAAAAAACACGTACGATCGTTTTATAGCTGTCTAGAGTGAAGGCTATATTGACTGGGGTGGGGTGTCCCCCACTGCGCTACTCCCTCGTGTACAAAGGGCGAGTGACCGTCTGCAGCACTCTATATTGTGGGTCTGGTTTTTTGTGGATTATTAGTATGGGTTTTGCTCGGCAGGGGCATCTGGGGGGGGGCAGGGGCCGGCGGGTGGGGGGGGGGGGCCGCGCCGCCCCCCCCCCCCCCCGCCCCCCCCCCG

ideal_seq_6	1
VL00749_5_AACLNHTM5_1_1102_32698_32427	1	0	TGATTATTTTGGGGCAGCAGAAGCTGTTTTTTTTAAGGACCAAACGTAATAATGTATAATATGGGTTTTTTTTTTGGTATTCGGTCCGTTTTGTGTGGTTTTTTAGAAATTCGGTTAAAAGATGATTTTTGCGGTGTAGTTTAGGGCTTTTGTTATATAGGGGTGTGTTTTTTTTTTTTTATATTTTATTAAATAGTTGATATCTTGATATATTATTATGGGGTTTTTTTGTGTGTGGTTGGTTAATTTCTTTTTTTTTTTTTTTTTATNAAAGGGAAACGATTGAAGTCAGNCNTGTCTGTAGGATTCAGCCGTCTCTGGCGGTGTATTTCCTACAGACGGGTCAACATCAGTTTTAGCTGGCGGATAAAGGCGAGAGGAATGTAGCACCCTCGGCTGTATTATAGCCTCTTGTCGCATACGGTGGCCGAGACTGAGGAATGCAGCTCGCCTTTATGGTAGGGGTTCCCCCACTTCCGAAATTAGGATGTTGACATAATGGCCTCCAACGACCCCTCTGAAACACGCTGTTCTTATACACATCTCCGAGCCCACGAGACATTCTTCGTC

ideal_seq_7	1
VL00749_5_AACLNHTM5_1_1102_24518_12435	1	0	AGGGAAACGATTGAAGCCAGTCGTACTAACGGAAAATCAACTTTTCGGGTGCCTATCGTGGGTGACGTTGAGCCTCACGGTCTTCGTTGCTTATGTGTTGGTATCTTTGGAGTGCACTTTTTCGTATGGTAGCTCAACATCGATTTTAATCGTCATAAAATGATCGGAGGAATGTGGCTTCGATTTCGGTCGGAGTGTTATAGCCTTTGGTAGATGTGACGATTGGGATCGAGGATTGCAACGAATACCCTTTGGGCTATCCGTCTGGCCTCTGAAAGTCGCTTGGGTGCTGAAAGCTTGCGGTTGTGCCTGGGCCCCGATCTATTTGACTCTTAATCTATGGAGAAGAGAGCTGGGGCTGCCTTGGGTGTGTGATTATAGAGCGGGGGGCTCGGTGGTGGATTTCGGTTTTTTAACAGACCGCATGAGGGGTGGGGTTGGGGGGGGGGGAGGGTTTGGGCGGGGGGGTGTGATATTTGTTCTTTTGTTTGGGTGGTGGGTGGTTGTGTGTGTGGGTGGTTACTCTGGGGGTGGTGGGGGTGCACGTAGGGCGTACCCCCCCCGCCCCCCCACCCCCG

ideal_seq_8	1
VL00749_5_AACLNHTM5_1_1102_15637_22298	1	0	AGGGAAACGATTGAAGCCAGTCGTACCAGCGGGAAATCAACCTTTCGGGTGCGATTTCGGGATTTTAAAGAGTGTCAAAACCTTTGAGGTTTCAAAATATCTACTCTCTTGGTGTACTTTCCCGTAGGTAGGTCAACATCGATTTTGAGTATCATAAAAAGACTGGAGGAATGTGGCTTCGATCTCGTATCGAAGTGTTATAGCCTTTGGTATATGTGATGAACAAGATCGAGGATTGCAACGAATATCCTTTTGGGCTATCCGTCTGATCTCTGATACGTTGCCTTGGTATCGAAAGCTCTAGCTCGAACATTTGTTTTGTAATAAAAAAAAACAGAGTCCGGAATGGCAGGCAAAAGGATTTGTCATTGTGAATGGGTTTTTTTTTTTTTTATTAAAAATTTTGTATTATAGAAACTATTTAGGTTGTCGCATATGGGTTAATAATATCTAGTGGAGCGATGTAAAGCACGGGTGGTTTTTATTTTTATTTATTTCGGGAAAACTGTAAATAGGGTTATAATGGGGTTCGGGTGGGGGCGGTGGGGGCGACCCCCCCCCCCGCCCCCCCCACG

ideal_seq_9	1
VL00749_5_AACLNHTM5_1_1101_55099_7342	1	0	GGTTTAGTGGTTGCGCTGAGCCGGTGTAATAAGTAGGTATCTAGAGTTGTTTTTAATTTCTTTTGGTTTTTATTTTTGACTGGTTTTGTTTTTTGTGATTTGTATTCTGTGTTCTTAATTTTTTAACTTCTTATTTTTATGGCTAATTTTAGTATTGTTTATTTTTTTATTTATATATTTTTTTTTTTTTTTTGATTATATATTTGATTTAGTAGGGTTTTCTTTTGGGGGGTGGTTGAATTATTATTTTTTTATTTTATTTAATATTTTATATAGGAAAACGATTGAAGCCNGTCGCGTGAATGGTATTCAGCCGTCTATGGCGGTGTATTTGCCTTTCACGGGTCAACATCAGTTTGACCGACAGAAAAAGGTAGGAGGAAGGTGGCATGCTTACATGTGTTATAGCCTCTTATTGCATATGTTGGTCCACACTGAGGAACGCAGCTCGCGAGTAATCGCCGGGGTTCGCCCACGTTCGAGCTTAGGATGTTGACATAATGGCTTTAAACGACCCGTCTTGAAACACGCTGCTCTTATACACATCTCCGAGCACACGAGACATTGTTCGTCAT

